GIT Homework 1


Как отправить ДЗ на проверку.
 1. Создайте текстоовый файл как в первом ДЗ по Terminal.
 2. Сценарий перенесите в этот файл.
 3. На против каждого действия - напишите команду в GitBash

Файл со сценарием и ссылку на свой гит хаб отправляйте менторам на проверку.

JSON
 4. Создать внешний репозиторий c названием JSON.  New  Create repository
 5. Клонировать репозиторий JSON на локальный компьютер.Masha@DESKTOP-2D6J1KK MINGW64 /d/Terminal/F1/dz1/dir_1/inner_dir_1/ABC
$ git clone https://github.com/Masha246/JSON.git
Cloning into 'JSON'...
warning: You appear to have cloned an empty repository.


 6. Внутри локального JSON создать файл “new.json”.
Masha@DESKTOP-2D6J1KK MINGW64 /d/Terminal/F1/dz1/dir_1/inner_dir_1/ABC/JSON (main)
$ cat > new.json


Masha@DESKTOP-2D6J1KK MINGW64 /d/Terminal/F1/dz1/dir_1/inner_dir_1/ABC/JSON (main)
$ ls
new.json


 7. Добавить файл под гит.
Masha@DESKTOP-2D6J1KK MINGW64 /d/Terminal/F1/dz1/dir_1/inner_dir_1/ABC/JSON (main)
$ git add new.json

Masha@DESKTOP-2D6J1KK MINGW64 /d/Terminal/F1/dz1/dir_1/inner_dir_1/ABC/JSON (main)
$ git status
On branch main

No commits yet

Changes to be committed:
  (use "git rm --cached <file>..." to unstage)
        new file:   new.json



 8. Закоммитить файл.
Masha@DESKTOP-2D6J1KK MINGW64 /d/Terminal/F1/dz1/dir_1/inner_dir_1/ABC/JSON (main)
$ git commit -m "new1"
[main (root-commit) 2a7ddfb] new1
 1 file changed, 0 insertions(+), 0 deletions(-)
 create mode 100644 new.json

 9. Отправить файл на внешний GitHub репозиторий.
Masha@DESKTOP-2D6J1KK MINGW64 /d/Terminal/F1/dz1/dir_1/inner_dir_1/ABC/JSON (main)
$ git push
Enumerating objects: 3, done.
Counting objects: 100% (3/3), done.
Writing objects: 100% (3/3), 211 bytes | 211.00 KiB/s, done.
Total 3 (delta 0), reused 0 (delta 0), pack-reused 0 (from 0)
To https://github.com/Masha246/JSON.git
 * [new branch]      main -> main




 10. Отредактировать содержание файла “new.json” - написать информацию о себе (ФИО, возраст, количество домашних животных, будущая желаемая зарплата). Всё написать в формате JSON.
{ "name": "nekrashevich maria",
"age": "42",
"pets": "0",
"salary": "1000"
}



 11. Отправить изменения на внешний репозиторий.
$ git push
Enumerating objects: 8, done.
Counting objects: 100% (7/7), done.
Delta compression using up to 16 threads
Compressing objects: 100% (3/3), done.
Writing objects: 100% (4/4), 483 bytes | 483.00 KiB/s, done.
Total 4 (delta 1), reused 0 (delta 0), pack-reused 0 (from 0)
remote: Resolving deltas: 100% (1/1), done.
To https://github.com/Masha246/JSON.git
   4d6414e..6dcdfea  main -> main
 12. Создать файл preferences.json
touch preferences.json

 13. В файл preferences.json добавить информацию о своих предпочтениях (Любимый фильм, любимый сериал, любимая еда, любимое время года, сторона которую хотели бы посетить) в формате JSON. Masha@DESKTOP-2D6J1KK MINGW64 /d/Terminal/F1/dz1/dir_1/inner_dir_1/ABC/JSON (main)
$vim  preferences.json
Мост
мясо
осень
австралия

 14. Создать файл sklls.json добавить информацию о скиллах которые будут изучены на курсе в формате JSON
Masha@DESKTOP-2D6J1KK MINGW64 /d/Terminal/F1/dz1/dir_1/inner_dir_1/ABC/JSON (main)
$ vim skills.json
devtools
git
terminal
теория

 15. Отправить сразу 2 файла на внешний репозиторий.
Masha@DESKTOP-2D6J1KK MINGW64 /d/Terminal/F1/dz1/dir_1/inner_dir_1/ABC/JSON (main)
$ git add preferences.json skills.json
warning: in the working copy of 'preferences.json', LF will be replaced by CRLF the next time Git touches it
warning: in the working copy of 'skills.json', LF will be replaced by CRLF the next time Git touches it

Masha@DESKTOP-2D6J1KK MINGW64 /d/Terminal/F1/dz1/dir_1/inner_dir_1/ABC/JSON (main)
$ git commit -m "6"
[main 7735f00] 6
 2 files changed, 8 insertions(+)
 create mode 100644 preferences.json
 create mode 100644 skills.json

Masha@DESKTOP-2D6J1KK MINGW64 /d/Terminal/F1/dz1/dir_1/inner_dir_1/ABC/JSON (main)
$ git push
Enumerating objects: 5, done.
Counting objects: 100% (5/5), done.
Delta compression using up to 16 threads
Compressing objects: 100% (2/2), done.
Writing objects: 100% (4/4), 428 bytes | 428.00 KiB/s, done.
Total 4 (delta 0), reused 0 (delta 0), pack-reused 0 (from 0)
To https://github.com/Masha246/JSON.git
   6dcdfea..7735f00  main -> main



 16. На веб интерфейсе создать файл bug_report.json.
Add file   Create new file Commit changes
 17. Сделать Commit changes (сохранить) изменения на веб интерфейсе.

 18. На веб интерфейсе модифицировать файл bug_report.json, добавить баг репорт в формате JSON. Edit

 19. Сделать Commit changes (сохранить) изменения на веб интерфейсе.

 20. Синхронизировать внешний и локальный репозиторий JSON 
$ git pull





XML
 21. Создать внешний репозиторий c названием XML.New  Create repository


 22. Клонировать репозиторий XML на локальный компьютер.
Masha@DESKTOP-2D6J1KK MINGW64 /d/Terminal/F1/dz1/dir_1/inner_dir_1/ABC/JSON (main)
$ git clone https://github.com/Masha246/XML.git
Cloning into 'XML'...
warning: You appear to have cloned an empty repository.


 23. Внутри локального XML создать файл “new.xml”.Masha@DESKTOP-2D6J1KK MINGW64 /d/Terminal/F1/dz1/dir_1/inner_dir_1/ABC/JSON/XML (main)
$ touch new.xml


 24. Добавить файл под гит.Masha@DESKTOP-2D6J1KK MINGW64 /d/Terminal/F1/dz1/dir_1/inner_dir_1/ABC/JSON/XML (main)
$ git add new.xml



 25. Закоммитить файл.Masha@DESKTOP-2D6J1KK MINGW64 /d/Terminal/F1/dz1/dir_1/inner_dir_1/ABC/JSON/XML (main)
$ git commit -m "xml"
[main (root-commit) 169d947] xml
 1 file changed, 0 insertions(+), 0 deletions(-)
 create mode 100644 new.xml


 26. Отправить файл на внешний GitHub репозиторий.

Masha@DESKTOP-2D6J1KK MINGW64 /d/Terminal/F1/dz1/dir_1/inner_dir_1/ABC/JSON/XML (main)
$ git push
Enumerating objects: 3, done.


 27. Отредактировать содержание файла “new.xml” - написать информацию о себе (ФИО, возраст, количество домашних животных, будущая желаемая зарплата). Всё написать в формате XML.
Masha@DESKTOP-2D6J1KK MINGW64 /d/Terminal/F1/dz1/dir_1/inner_dir_1/ABC/JSON/XML (main)
$ nano new.xml


 28. Отправить изменения на внешний репозиторий. Masha@DESKTOP-2D6J1KK MINGW64 /d/Terminal/F1/dz1/dir_1/inner_dir_1/ABC/JSON/XML (main)
$ git add new.xml
warning: in the working copy of 'new.xml', LF will be replaced by CRLF the next time Git touches it

Masha@DESKTOP-2D6J1KK MINGW64 /d/Terminal/F1/dz1/dir_1/inner_dir_1/ABC/JSON/XML (main)
$ git commit -m "xml edit"
[main e071337] xml edit
 1 file changed, 5 insertions(+)

Masha@DESKTOP-2D6J1KK MINGW64 /d/Terminal/F1/dz1/dir_1/inner_dir_1/ABC/JSON/XML (main)
$ git push
Enumerating objects: 5, done.
Counting objects: 100% (5/5), done.
Writing objects: 100% (3/3), 275 bytes | 275.00 KiB/s, done.
Total 3 (delta 0), reused 0 (delta 0), pack-reused 0 (from 0)
To https://github.com/Masha246/XML.git
   169d947..e071337  main -> main



 29. Создать файл preferences.xml
Masha@DESKTOP-2D6J1KK MINGW64 /d/Terminal/F1/dz1/dir_1/inner_dir_1/ABC/JSON/XML (main)
$ touch preferences.xml



 30. В файл preferences.xml добавить информацию о своих предпочтениях (Любимый фильм, любимый сериал, любимая еда, любимое время года, сторона которую хотели бы посетить) в формате XML.
Masha@DESKTOP-2D6J1KK MINGW64 /d/Terminal/F1/dz1/dir_1/inner_dir_1/ABC/JSON/XML (main)
$ nano preferences.xml

 31. Создать файл sklls.xml добавить информацию о скиллах которые будут изучены на курсе в формате XML
Masha@DESKTOP-2D6J1KK MINGW64 /d/Terminal/F1/dz1/dir_1/inner_dir_1/ABC/JSON/XML (main)
$ touch skills.xml
Masha@DESKTOP-2D6J1KK MINGW64 /d/Terminal/F1/dz1/dir_1/inner_dir_1/ABC/JSON/XML (main)
$ nano skills.xml




 32. Сделать коммит в одну строку.
Masha@DESKTOP-2D6J1KK MINGW64 /d/Terminal/F1/dz1/dir_1/inner_dir_1/ABC/JSON/XML (main)
$ git add preferences.xml skills.xml
warning: in the working copy of 'preferences.xml', LF will be replaced by CRLF the next time Git touches it
warning: in the working copy of 'skills.xml', LF will be replaced by CRLF the next time Git touches it

Masha@DESKTOP-2D6J1KK MINGW64 /d/Terminal/F1/dz1/dir_1/inner_dir_1/ABC/JSON/XML (main)
$ git commit -m "xml3"
[main 4c8ea22] xml3
 2 files changed, 10 insertions(+)
 create mode 100644 preferences.xml
 create mode 100644 skills.xml


 33. Отправить сразу 2 файла на внешний репозиторий.
Masha@DESKTOP-2D6J1KK MINGW64 /d/Terminal/F1/dz1/dir_1/inner_dir_1/ABC/JSON/XML (main)
$ git push

 34. На веб интерфейсе создать файл bug_report.xml. Add file   Create a new file

 35. Сделать Commit changes (сохранить) изменения на веб интерфейсе.

 36. На веб интерфейсе модифицировать файл bug_report.xml, добавить баг репорт в формате XML. Edit file

 37. Сделать Commit changes (сохранить) изменения на веб интерфейсе.

 38. Синхронизировать внешний и локальный репозиторий XML$ git pull
remote: Enumerating objects: 7, done.
remote: Counting objects: 100% (7/7), done.
remote: Compressing objects: 100% (5/5), done.
remote: Total 6 (delta 1), reused 0 (delta 0), pack-reused 0 (from 0)
Unpacking objects: 100% (6/6), 2.40 KiB | 129.00 KiB/s, done.
From https://github.com/Masha246/XML
   4c8ea22..7dedf7b  main       -> origin/main
Updating 4c8ea22..7dedf7b
Fast-forward
 bug_report.xml | 19 +++++++++++++++++++
 1 file changed, 19 insertions(+)
 create mode 100644 bug_report.xml

Masha@DESKTOP-2D6J1KK MINGW64 /d/Terminal/F1/dz1/dir_1/inner_dir_1/ABC/JSON/XML (main)
$ ls
XML/  bug_report.xml  new.xml  preferences.xml  skills.xml



